
分配公共符号
公共符号            大小              文件

high_list           0x4               kernel/task/sche.o
idle_list           0x4               kernel/task/sche.o
above_normal_list   0x4               kernel/task/sche.o
mm                  0x90              kernel/mm/bootmem.o
interrupts          0x20              arch/mips32/intr.o
background_list     0x4               kernel/task/sche.o
kernel_start_pfn    0x4               kernel/mm/buddy.o
dir_data_buf        0x820             kernel/fs/fat/fat.o
cursor_col          0x4               kernel/driver/vga.o
flag                0x4               kernel/task/sche.o
fat_info            0x418             kernel/fs/fat/fat.o
file_create         0x4150            kernel/fs/fat/usr.o
pcbs                0xc               kernel/task/task.o
syscalls            0x400             kernel/syscall/syscall.o
below_normal_list   0x4               kernel/task/sche.o
cursor_row          0x4               kernel/driver/vga.o
filename11          0xd               kernel/fs/fat/fat.o
mk_dir_buf          0x20              kernel/fs/fat/usr.o
counter             0x4               kernel/task/sche.o
new_alloc_empty     0x1000            kernel/fs/fat/fat.o
shm                 0x100800          kernel/task/shm.o
normal_list         0x4               kernel/task/sche.o
bootmem_map         0x20000           kernel/mm/bootmem.o
idmap               0x20              kernel/task/task.o
exceptions          0x80              arch/mips32/exc.o
kernel_end_pfn      0x4               kernel/mm/buddy.o
buddy               0x48              kernel/mm/buddy.o
dir_find            0x4150            kernel/fs/fat/dir.o
fat_buf             0x410             kernel/fs/fat/fat.o
pages               0x4               kernel/mm/buddy.o
kmalloc_caches      0x270             kernel/mm/slub.o

舍弃的输入节

 .reginfo       0x0000000000000000       0x18 arch/mips32/start.o
 .reginfo       0x0000000000000000       0x18 arch/mips32/exc.o
 .MIPS.abiflags
                0x0000000000000000       0x18 arch/mips32/exc.o
 .reginfo       0x0000000000000000       0x18 arch/mips32/intr.o
 .MIPS.abiflags
                0x0000000000000000       0x18 arch/mips32/intr.o
 .reginfo       0x0000000000000000       0x18 arch/mips32/page.o
 .MIPS.abiflags
                0x0000000000000000       0x18 arch/mips32/page.o
 .reginfo       0x0000000000000000       0x18 arch/mips32/arch.o
 .MIPS.abiflags
                0x0000000000000000       0x18 arch/mips32/arch.o
 .reginfo       0x0000000000000000       0x18 kernel/init.o
 .MIPS.abiflags
                0x0000000000000000       0x18 kernel/init.o
 .reginfo       0x0000000000000000       0x18 kernel/mm/bootmem.o
 .MIPS.abiflags
                0x0000000000000000       0x18 kernel/mm/bootmem.o
 .reginfo       0x0000000000000000       0x18 kernel/mm/slub.o
 .MIPS.abiflags
                0x0000000000000000       0x18 kernel/mm/slub.o
 .reginfo       0x0000000000000000       0x18 kernel/mm/buddy.o
 .MIPS.abiflags
                0x0000000000000000       0x18 kernel/mm/buddy.o
 .reginfo       0x0000000000000000       0x18 kernel/lock/lock.o
 .MIPS.abiflags
                0x0000000000000000       0x18 kernel/lock/lock.o
 .reginfo       0x0000000000000000       0x18 kernel/task/shm.o
 .MIPS.abiflags
                0x0000000000000000       0x18 kernel/task/shm.o
 .reginfo       0x0000000000000000       0x18 kernel/task/task.o
 .MIPS.abiflags
                0x0000000000000000       0x18 kernel/task/task.o
 .reginfo       0x0000000000000000       0x18 kernel/task/sche.o
 .MIPS.abiflags
                0x0000000000000000       0x18 kernel/task/sche.o
 .reginfo       0x0000000000000000       0x18 kernel/fs/fscache/fscache.o
 .MIPS.abiflags
                0x0000000000000000       0x18 kernel/fs/fscache/fscache.o
 .reginfo       0x0000000000000000       0x18 kernel/fs/fat/utils.o
 .MIPS.abiflags
                0x0000000000000000       0x18 kernel/fs/fat/utils.o
 .reginfo       0x0000000000000000       0x18 kernel/fs/fat/usr.o
 .MIPS.abiflags
                0x0000000000000000       0x18 kernel/fs/fat/usr.o
 .reginfo       0x0000000000000000       0x18 kernel/fs/fat/fat.o
 .MIPS.abiflags
                0x0000000000000000       0x18 kernel/fs/fat/fat.o
 .reginfo       0x0000000000000000       0x18 kernel/fs/fat/debug.o
 .MIPS.abiflags
                0x0000000000000000       0x18 kernel/fs/fat/debug.o
 .reginfo       0x0000000000000000       0x18 kernel/fs/fat/dir.o
 .MIPS.abiflags
                0x0000000000000000       0x18 kernel/fs/fat/dir.o
 .reginfo       0x0000000000000000       0x18 kernel/driver/sd.o
 .MIPS.abiflags
                0x0000000000000000       0x18 kernel/driver/sd.o
 .reginfo       0x0000000000000000       0x18 kernel/driver/vga.o
 .MIPS.abiflags
                0x0000000000000000       0x18 kernel/driver/vga.o
 .reginfo       0x0000000000000000       0x18 kernel/driver/ps2.o
 .MIPS.abiflags
                0x0000000000000000       0x18 kernel/driver/ps2.o
 .reginfo       0x0000000000000000       0x18 kernel/syscall/syscall4.o
 .MIPS.abiflags
                0x0000000000000000       0x18 kernel/syscall/syscall4.o
 .reginfo       0x0000000000000000       0x18 kernel/syscall/syscall.o
 .MIPS.abiflags
                0x0000000000000000       0x18 kernel/syscall/syscall.o
 .reginfo       0x0000000000000000       0x18 kernel/time/time.o
 .MIPS.abiflags
                0x0000000000000000       0x18 kernel/time/time.o
 .reginfo       0x0000000000000000       0x18 utils/utils.o
 .MIPS.abiflags
                0x0000000000000000       0x18 utils/utils.o
 .reginfo       0x0000000000000000       0x18 utils/log.o
 .MIPS.abiflags
                0x0000000000000000       0x18 utils/log.o
 .reginfo       0x0000000000000000       0x18 utils/assert.o
 .MIPS.abiflags
                0x0000000000000000       0x18 utils/assert.o

内存配置

名称           来源             长度             属性
*default*        0x0000000000000000 0xffffffffffffffff

链结器命令稿和内存映射

                0x0000000080020000                . = 0x80020000

.interp
 *(.interp)

.gnu.version
 *(.gnu.version)

.gnu.version_d
 *(.gnu.version_d)

.gnu.version_r
 *(.gnu.version_r)

.rel.init
 *(.rel.init)

.rela.init
 *(.rela.init)

.rel.text
 *(.rel.text)
 *(.rel.text.*)
 *(.rel.gnu.linkonce.t*)

.rela.text
 *(.rela.text)
 *(.rela.text.*)
 *(.rela.gnu.linkonce.t*)

.rel.fini
 *(.rel.fini)

.rela.fini
 *(.rela.fini)

.rel.rodata
 *(.rel.rodata)
 *(.rel.rodata.*)
 *(.rel.gnu.linkonce.r*)

.rela.rodata
 *(.rela.rodata)
 *(.rela.rodata.*)
 *(.rela.gnu.linkonce.r*)

.rel.data
 *(.rel.data)
 *(.rel.data.*)
 *(.rel.gnu.linkonce.d*)

.rela.data
 *(.rela.data)
 *(.rela.data.*)
 *(.rela.gnu.linkonce.d*)

.rel.ctors
 *(.rel.ctors)

.rela.ctors
 *(.rela.ctors)

.rel.dtors
 *(.rel.dtors)

.rela.dtors
 *(.rela.dtors)

.rel.got
 *(.rel.got)

.rela.got
 *(.rela.got)

.rel.sdata
 *(.rel.sdata)
 *(.rel.sdata1)
 *(.rel.sdata.*)
 *(.rel.gnu.linkonce.s*)

.rela.sdata
 *(.rela.sdata)
 *(.rela.sdata1)
 *(.rela.sdata.*)
 *(.rela.gnu.linkonce.s*)

.rel.sbss
 *(.rel.sbss)

.rela.sbss
 *(.rela.sbss)

.rel.sdata2
 *(.rel.sdata2)

.rela.sdata2
 *(.rela.sdata2)

.rel.sbss2
 *(.rel.sbss2)

.rela.sbss2
 *(.rela.sbss2)

.rel.bss
 *(.rel.bss)

.rela.bss
 *(.rela.bss)

.rel.plt
 *(.rel.plt)

.rela.plt
 *(.rela.plt)

.plt
 *(.plt)
                0x0000000080000000                . = 0x80000000

.text           0x0000000080000000     0xde68
                0x0000000080000000                _ftext = .
 *(.text)
 .text          0x0000000080000000     0x1014 arch/mips32/start.o
                0x0000000080000000                exception
                0x0000000080001000                start
 .text          0x0000000080001014      0x900 arch/mips32/exc.o
                0x0000000080001014                do_exceptions
                0x00000000800010ac                die
                0x00000000800010c0                tlb_modified_exception
                0x000000008000155c                tlb_invalid_exception
                0x0000000080001720                tlb_refill
                0x0000000080001898                register_exception_handler
                0x00000000800018e8                init_exception
 .text          0x0000000080001914      0x1f4 arch/mips32/intr.o
                0x0000000080001914                init_interrupts
                0x0000000080001948                enable_interrupts
                0x0000000080001984                disable_interrupts
                0x00000000800019c4                do_interrupts
                0x0000000080001a94                register_interrupt_handler
 .text          0x0000000080001b08      0x708 arch/mips32/page.o
                0x0000000080001b08                set_pgd_attr
                0x0000000080001b6c                set_pte_attr
                0x0000000080001bd0                do_one_mapping
                0x0000000080001d10                init_pgtable
                0x0000000080001d60                read_file_to_page
                0x0000000080001ee4                tlbwi
                0x0000000080002030                tlbwr
                0x0000000080002170                tlbp
                0x00000000800021e4                get_tlb_index
 .text          0x0000000080002210       0x24 arch/mips32/arch.o
                0x0000000080002210                get_phymm_size
 .text          0x0000000080002234      0x294 kernel/init.o
                0x0000000080002234                machine_info
                0x00000000800022bc                init_kernel
 .text          0x00000000800024c8     0x1080 kernel/mm/bootmem.o
                0x00000000800024c8                bootmem_set_mminfo
                0x000000008000251c                bootmem_insert_mminfo
                0x0000000080002794                bootmem_remove_mminfo
                0x0000000080002894                bootmem_init
                0x0000000080002a30                bootmem_bootmap_info
                0x0000000080002b44                bootmem_set_maps
                0x0000000080002bbc                bootmem_find_pages
                0x0000000080002d4c                bootmem_alloc_pages
                0x0000000080002e90                bootmem_split_mminfo
                0x0000000080003098                bootmem_set_map
                0x000000008000313c                bootmem_free_pages
 .text          0x0000000080003548      0xd68 kernel/mm/slub.o
                0x000000008000376c                slub_init_kmem_node
                0x00000000800037bc                slub_init_kmem_cpu
                0x00000000800037f0                slub_init_each_slub
                0x00000000800038a4                slub_init
                0x0000000080003a3c                slub_format_slubpage
                0x0000000080003b90                slub_alloc
                0x0000000080003df4                slub_get_slub
                0x0000000080003f44                kmalloc
                0x000000008000405c                slub_free
                0x0000000080004200                kfree
 .text          0x00000000800042b0      0xaec kernel/mm/buddy.o
                0x0000000080004468                buddy_init_pages
                0x00000000800045c8                buddy_info
                0x00000000800046a4                buddy_init_buddy
                0x0000000080004960                buddy_free_pages
                0x0000000080004bb0                buddy_alloc_pages
 .text          0x0000000080004d9c      0x148 kernel/lock/lock.o
                0x0000000080004dd8                init_lock
                0x0000000080004e20                lockup
                0x0000000080004e7c                unlock
 .text          0x0000000080004ee4      0x460 kernel/task/shm.o
                0x0000000080004ee4                shm_setsignal
                0x0000000080004f14                shm_init
                0x0000000080004ffc                shm_get
                0x00000000800050d0                shm_delete
                0x0000000080005148                shm_mount
                0x0000000080005180                shm_umount
                0x00000000800051b4                shm_write
                0x0000000080005280                shm_read
 .text          0x0000000080005344     0x154c kernel/task/task.o
                0x00000000800054d4                task_test
                0x0000000080005584                init_proc
                0x00000000800055ac                init_task
                0x00000000800058a0                copy_context
                0x0000000080005ac8                clean_context
                0x0000000080005bec                get_emptypid
                0x0000000080005cfc                free_pid
                0x0000000080005d9c                add_task
                0x0000000080005ddc                do_fork
                0x00000000800060ac                inc_refrence_by_pte
                0x000000008000617c                dec_refrence_by_pte
                0x0000000080006274                copy_pagetables
                0x0000000080006654                delete_pages
                0x000000008000671c                delete_pagetables
                0x0000000080006768                del_task
                0x0000000080006868                exec
 .text          0x0000000080006890      0x8c8 kernel/task/sche.o
                0x0000000080006938                get_current_pcb
                0x0000000080006960                init_sched
                0x0000000080006a40                pc_schedule
                0x0000000080006ad8                init_pcb_list
                0x0000000080006b14                list_is_empty
                0x0000000080006b70                get_first_task
                0x0000000080006bf8                insert_head
                0x0000000080006c48                insert_tail
                0x0000000080006c9c                add_to_foreground_list
                0x0000000080006cdc                add_to_background_list
                0x0000000080006d1c                background_sched
                0x0000000080006e18                foreground_sched
                0x000000008000704c                sched
 .text          0x0000000080007158      0xbd4 kernel/fs/fscache/fscache.o
                0x0000000080007158                fs_victim_4k
                0x0000000080007384                fs_write_4k
                0x0000000080007438                fs_read_4k
                0x0000000080007624                fs_clr_4k
                0x0000000080007758                fs_victim_512
                0x0000000080007984                fs_write_512
                0x0000000080007a30                fs_read_512
                0x0000000080007c0c                fs_clr_512
 .text          0x0000000080007d2c      0x678 kernel/fs/fat/utils.o
                0x0000000080007d2c                read_block
                0x0000000080007d74                write_block
                0x0000000080007dbc                get_u16
                0x0000000080007e0c                get_u32
                0x0000000080007e78                set_u16
                0x0000000080007ed0                set_u32
                0x0000000080007f50                fs_wa
                0x0000000080007fac                get_entry_filesize
                0x0000000080007fec                get_entry_attr
                0x000000008000801c                get_start_cluster
                0x0000000080008058                get_fat_entry_value
                0x0000000080008124                fs_modify_fat
                0x000000008000825c                cluster_to_fat_entry
                0x00000000800082d4                fs_dataclus2sec
                0x000000008000833c                fs_sec2dataclus
 .text          0x00000000800083a4      0x7cc kernel/fs/fat/usr.o
                0x00000000800083a4                fs_rm
                0x00000000800084e0                fs_mv
                0x00000000800086e4                fs_mkdir
                0x0000000080008a78                fs_cat
 .text          0x0000000080008b70     0x2bf0 kernel/fs/fat/fat.o
                0x0000000080008b70                init_fat_info
                0x0000000080008e9c                init_fat_buf
                0x0000000080008f2c                init_dir_buf
                0x0000000080008fbc                init_fs
                0x0000000080009034                write_fat_sector
                0x00000000800091ec                read_fat_sector
                0x00000000800093a8                fs_next_slash
                0x000000008000963c                fs_cmp_filename
                0x00000000800096c4                fs_find
                0x0000000080009ba4                fs_open
                0x0000000080009d30                fs_fflush
                0x0000000080009e94                fs_close
                0x000000008000a028                fs_read
                0x000000008000a3dc                fs_next_free
                0x000000008000a4ac                fs_alloc
                0x000000008000a678                fs_write
                0x000000008000ac80                fs_lseek
                0x000000008000ace8                fs_find_empty_entry
                0x000000008000b03c                fs_create_with_attr
                0x000000008000b47c                fs_create
                0x000000008000b4b8                get_filename
 .text          0x000000008000b760        0x0 kernel/fs/fat/debug.o
 .text          0x000000008000b760      0x610 kernel/fs/fat/dir.o
                0x000000008000b760                fs_open_dir
                0x000000008000b9ac                fs_read_dir
 .text          0x000000008000bd70      0x4fc kernel/driver/sd.o
                0x000000008000be1c                sd_read_sector_blocking
                0x000000008000bf48                sd_write_sector_blocking
                0x000000008000c074                sd_read_block
                0x000000008000c14c                sd_write_block
 .text          0x000000008000c26c      0x990 kernel/driver/vga.o
                0x000000008000c26c                kernel_set_cursor
                0x000000008000c2bc                init_vga
                0x000000008000c30c                kernel_clear_screen
                0x000000008000c380                kernel_scroll_screen
                0x000000008000c420                kernel_putchar_at
                0x000000008000c4c0                kernel_putchar
                0x000000008000c6ac                kernel_puts
                0x000000008000c730                kernel_putint
                0x000000008000c88c                kernel_putintx
                0x000000008000c95c                kernel_vprintf
                0x000000008000cb98                kernel_printf
 .text          0x000000008000cbfc      0x5c4 kernel/driver/ps2.o
                0x000000008000cbfc                init_buffer
                0x000000008000cc80                init_ps2
                0x000000008000ccd8                ps2_handler
                0x000000008000cfd0                kernel_getkey
                0x000000008000d080                kernel_scantoascii
                0x000000008000d124                sleep
                0x000000008000d160                kernel_getchar
 .text          0x000000008000d1c0       0x50 kernel/syscall/syscall4.o
                0x000000008000d1c0                syscall4
 .text          0x000000008000d210      0x140 kernel/syscall/syscall.o
                0x000000008000d210                init_syscall
                0x000000008000d260                syscall
                0x000000008000d300                register_syscall
 .text          0x000000008000d350      0x4bc kernel/time/time.o
                0x000000008000d350                get_time_string
                0x000000008000d67c                system_time_proc
                0x000000008000d788                get_time
 .text          0x000000008000d80c      0x398 utils/utils.o
                0x000000008000d80c                kernel_memcpy
                0x000000008000d890                kernel_memset
                0x000000008000d8c4                kernel_memset_word
                0x000000008000d924                kernel_strcmp
                0x000000008000d9ac                kernel_strcpy
                0x000000008000da08                pow
                0x000000008000da84                kernel_cache
                0x000000008000dad4                kernel_serial_puts
                0x000000008000db2c                kernel_serial_putc
                0x000000008000db64                is_bound
 .text          0x000000008000dba4      0x268 utils/log.o
                0x000000008000dba4                log_level_adv
                0x000000008000dbe0                log_level_rec
                0x000000008000dc18                log
                0x000000008000dd98                step
                0x000000008000dde8                step_reset
 .text          0x000000008000de0c       0x5c utils/assert.o
                0x000000008000de0c                assert
 *(.text.*)
 *(.stub)
 *(.gnu.warning)
 *(.gnu.linkonce.t*)
 *(.mips16.fn.*)
 *(.mips16.call.*)
                0x000000008000de68                _ecode = .

.init
 *(.init)

.fini
 *(.fini)

.rodata         0x000000008000de68      0xa90
 *(.rodata)
 .rodata        0x000000008000de68      0x1ec arch/mips32/exc.o
 .rodata        0x000000008000e054       0x78 arch/mips32/page.o
 .rodata        0x000000008000e0cc       0xd4 kernel/init.o
 .rodata        0x000000008000e1a0       0xe0 kernel/mm/bootmem.o
 .rodata        0x000000008000e280       0xa4 kernel/mm/slub.o
 .rodata        0x000000008000e324       0x8c kernel/mm/buddy.o
 .rodata        0x000000008000e3b0       0x60 kernel/task/shm.o
 .rodata        0x000000008000e410      0x2cc kernel/task/task.o
 .rodata        0x000000008000e6dc       0x44 kernel/task/sche.o
 .rodata        0x000000008000e720       0x18 kernel/fs/fat/usr.o
 .rodata        0x000000008000e738       0xa8 kernel/fs/fat/fat.o
 .rodata        0x000000008000e7e0       0x40 kernel/driver/sd.o
 .rodata        0x000000008000e820       0x14 kernel/driver/vga.o
 .rodata        0x000000008000e834       0x38 kernel/time/time.o
 .rodata        0x000000008000e86c       0x78 utils/log.o
 .rodata        0x000000008000e8e4       0x14 utils/assert.o
 *(.rodata.*)
 *(.gnu.linkonce.r*)

.MIPS.abiflags  0x000000008000e8f8       0x18
 .MIPS.abiflags
                0x000000008000e8f8       0x18 arch/mips32/start.o

.rodata1
 *(.rodata1)

.sdata2
 *(.sdata2)

.sbss2
 *(.sbss2)

.sdeinit
 *(.sdeinit)

.sdefini
 *(.sdefini)

.eh_frame
 *(.eh_frame)

.gcc_except_table
 *(.gcc_except_table)

.ctors
 *crt0.o(.ctors)
 *crtbegin.o(.ctors)
 *crtbeginS.o(.ctors)
 *(EXCLUDE_FILE(*crtn.o *crtendS.o *crtend.o) .ctors)
 *(SORT(.ctors.*))
 *(.ctors)

.dtors
 *crt0.o(.dtors)
 *crtbegin.o(.dtors)
 *crtbeginS.o(.dtors)
 *(EXCLUDE_FILE(*crtn.o *crtendS.o *crtend.o) .dtors)
 *(SORT(.dtors.*))
 *(.dtors)

.dynamic
 *(.dynamic)

.dynsym
 *(.dynsym)

.hash
 *(.hash)

.dynstr
 *(.dynstr)
                0x000000008000e910                __etext = .
                0x000000008000e910                _etext = .
                0x000000008000e910                PROVIDE (etext, .)
                0x000000008000e910                . = ALIGN (0x8)

.data           0x000000008000e910      0x14c
                0x000000008000e910                _fdata = .
 *(.data)
 .data          0x000000008000e910        0x0 arch/mips32/start.o
 .data          0x000000008000e910        0x0 arch/mips32/exc.o
 .data          0x000000008000e910        0x0 arch/mips32/intr.o
 .data          0x000000008000e910        0x0 arch/mips32/page.o
 .data          0x000000008000e910        0x0 arch/mips32/arch.o
 .data          0x000000008000e910        0x0 kernel/init.o
 .data          0x000000008000e910       0x1c kernel/mm/bootmem.o
                0x000000008000e910                mem_msg
 .data          0x000000008000e92c       0x30 kernel/mm/slub.o
 .data          0x000000008000e95c        0x0 kernel/mm/buddy.o
 .data          0x000000008000e95c        0x0 kernel/lock/lock.o
 .data          0x000000008000e95c        0x0 kernel/task/shm.o
 .data          0x000000008000e95c        0x0 kernel/task/task.o
 .data          0x000000008000e95c        0x0 kernel/task/sche.o
 .data          0x000000008000e95c        0x0 kernel/fs/fscache/fscache.o
 .data          0x000000008000e95c        0x0 kernel/fs/fat/utils.o
 .data          0x000000008000e95c        0x0 kernel/fs/fat/usr.o
 .data          0x000000008000e95c        0x0 kernel/fs/fat/fat.o
 .data          0x000000008000e95c        0x0 kernel/fs/fat/debug.o
 .data          0x000000008000e95c        0x0 kernel/fs/fat/dir.o
 .data          0x000000008000e95c        0x0 kernel/driver/sd.o
 .data          0x000000008000e95c        0x0 kernel/driver/vga.o
 .data          0x000000008000e95c      0x100 kernel/driver/ps2.o
                0x000000008000e95c                scantoascii_uppercase
                0x000000008000e9dc                scantoascii_lowercase
 .data          0x000000008000ea5c        0x0 kernel/syscall/syscall4.o
 .data          0x000000008000ea5c        0x0 kernel/syscall/syscall.o
 .data          0x000000008000ea5c        0x0 kernel/time/time.o
 .data          0x000000008000ea5c        0x0 utils/utils.o
 .data          0x000000008000ea5c        0x0 utils/log.o
 .data          0x000000008000ea5c        0x0 utils/assert.o
 *(.data.*)
 *(.gnu.linkonce.d*)

.data1
 *(.data1)
                0x0000000080016a50                _gp = (ALIGN (0x10) + 0x7ff0)

.got
 *(.got.plt)
 *(.got)

.sdata          0x000000008000ea5c       0x60
 *(.sdata)
 .sdata         0x000000008000ea5c       0x34 arch/mips32/arch.o
                0x000000008000ea5c                CHAR_VRAM
                0x000000008000ea60                GRAPHIC_VRAM
                0x000000008000ea64                GPIO_SWITCH
                0x000000008000ea68                GPIO_BUTTON
                0x000000008000ea6c                GPIO_SEG
                0x000000008000ea70                GPIO_LED
                0x000000008000ea74                GPIO_PS2_DATA
                0x000000008000ea78                GPIO_PS2_CTRL
                0x000000008000ea7c                GPIO_UART_DATA
                0x000000008000ea80                GPIO_UART_CTRL
                0x000000008000ea84                GPIO_CURSOR
                0x000000008000ea88                VGA_MODE
                0x000000008000ea8c                kernel_sp
 .sdata         0x000000008000ea90        0x8 kernel/task/task.o
                0x000000008000ea90                bits_map
 .sdata         0x000000008000ea98        0x8 kernel/driver/sd.o
 .sdata         0x000000008000eaa0       0x18 kernel/driver/vga.o
                0x000000008000eaa0                VGA_CHAR_MAX_ROW
                0x000000008000eaa4                VGA_CHAR_MAX_COL
                0x000000008000eaa8                VGA_CHAR_ROW
                0x000000008000eaac                VGA_CHAR_COL
                0x000000008000eab0                cursor_freq
 .sdata         0x000000008000eab8        0x4 kernel/driver/ps2.o
 *(.sdata1)
 *(.sdata.*)
 *(.gnu.linkonce.s.*)

.lit8
 *(.lit8)

.lit4
 *(.lit4)
                0x000000008000eac0                . = ALIGN (0x8)
                0x000000008000eac0                _edata = .
                0x000000008000eac0                PROVIDE (edata, .)
                0x000000008000eac0                __bss_start = .
                0x000000008000eac0                PROVIDE (__edata, .)
                0x000000008000eac0                _fbss = .

.sbss           0x000000008000eac0       0x5c
                0x000000008000eac0                __sbss_start = .
                0x000000008000eac0                ___sbss_start = .
 *(.dynsbss)
 *(.sbss)
 .sbss          0x000000008000eac0        0x4 kernel/task/sche.o
                0x000000008000eac0                current
 .sbss          0x000000008000eac4        0x8 kernel/fs/fat/fat.o
                0x000000008000eac4                fat_clock_head
                0x000000008000eac8                dir_data_clock_head
 .sbss          0x000000008000eacc       0x14 kernel/driver/ps2.o
 .sbss          0x000000008000eae0        0x8 utils/log.o
                0x000000008000eae0                gstep
 *(.sbss.*)
 *(.scommon)
 .scommon       0x000000008000eae8        0xc kernel/mm/buddy.o
                0x000000008000eae8                kernel_start_pfn
                0x000000008000eaec                kernel_end_pfn
                0x000000008000eaf0                pages
 .scommon       0x000000008000eaf4       0x20 kernel/task/sche.o
                0x000000008000eaf4                high_list
                0x000000008000eaf8                idle_list
                0x000000008000eafc                above_normal_list
                0x000000008000eb00                background_list
                0x000000008000eb04                flag
                0x000000008000eb08                below_normal_list
                0x000000008000eb0c                counter
                0x000000008000eb10                normal_list
 .scommon       0x000000008000eb14        0x8 kernel/driver/vga.o
                0x000000008000eb14                cursor_col
                0x000000008000eb18                cursor_row
                0x000000008000eb1c                __sbss_end = .
                0x000000008000eb1c                ___sbss_end = .

.bss            0x000000008000eb1c   0x12b42c
 *(.dynbss)
 *(.bss)
 .bss           0x000000008000eb1c        0x0 arch/mips32/start.o
 .bss           0x000000008000eb1c        0x0 arch/mips32/exc.o
 .bss           0x000000008000eb1c        0x0 arch/mips32/intr.o
 .bss           0x000000008000eb1c        0x0 arch/mips32/page.o
 .bss           0x000000008000eb1c        0x0 arch/mips32/arch.o
 .bss           0x000000008000eb1c        0x0 kernel/init.o
 .bss           0x000000008000eb1c        0x0 kernel/mm/bootmem.o
 .bss           0x000000008000eb1c        0x0 kernel/mm/slub.o
 .bss           0x000000008000eb1c        0x0 kernel/mm/buddy.o
 .bss           0x000000008000eb1c        0x0 kernel/lock/lock.o
 .bss           0x000000008000eb1c        0x0 kernel/task/shm.o
 .bss           0x000000008000eb1c        0x0 kernel/task/task.o
 .bss           0x000000008000eb1c        0x0 kernel/task/sche.o
 .bss           0x000000008000eb1c        0x0 kernel/fs/fscache/fscache.o
 .bss           0x000000008000eb1c        0x0 kernel/fs/fat/utils.o
 .bss           0x000000008000eb1c        0x0 kernel/fs/fat/usr.o
 .bss           0x000000008000eb1c        0x0 kernel/fs/fat/fat.o
 .bss           0x000000008000eb1c        0x0 kernel/fs/fat/debug.o
 .bss           0x000000008000eb1c        0x0 kernel/fs/fat/dir.o
 .bss           0x000000008000eb1c        0x0 kernel/driver/sd.o
 .bss           0x000000008000eb1c        0x0 kernel/driver/vga.o
 .bss           0x000000008000eb1c      0x100 kernel/driver/ps2.o
 .bss           0x000000008000ec1c        0x0 kernel/syscall/syscall4.o
 .bss           0x000000008000ec1c        0x0 kernel/syscall/syscall.o
 .bss           0x000000008000ec1c        0x0 kernel/time/time.o
 .bss           0x000000008000ec1c        0x0 utils/utils.o
 .bss           0x000000008000ec1c        0x0 utils/log.o
 .bss           0x000000008000ec1c        0x0 utils/assert.o
 *(.bss.*)
 *(COMMON)
 COMMON         0x000000008000ec1c       0x80 arch/mips32/exc.o
                0x000000008000ec1c                exceptions
 COMMON         0x000000008000ec9c       0x20 arch/mips32/intr.o
                0x000000008000ec9c                interrupts
 COMMON         0x000000008000ecbc    0x20090 kernel/mm/bootmem.o
                0x000000008000ecbc                mm
                0x000000008000ed4c                bootmem_map
 COMMON         0x000000008002ed4c      0x270 kernel/mm/slub.o
                0x000000008002ed4c                kmalloc_caches
 COMMON         0x000000008002efbc       0x48 kernel/mm/buddy.o
                0x000000008002efbc                buddy
 COMMON         0x000000008002f004   0x100800 kernel/task/shm.o
                0x000000008002f004                shm
 COMMON         0x000000008012f804       0x2c kernel/task/task.o
                0x000000008012f804                pcbs
                0x000000008012f810                idmap
 COMMON         0x000000008012f830     0x4170 kernel/fs/fat/usr.o
                0x000000008012f830                file_create
                0x0000000080133980                mk_dir_buf
 COMMON         0x00000000801339a0     0x2058 kernel/fs/fat/fat.o
                0x00000000801339a0                dir_data_buf
                0x00000000801341c0                fat_info
                0x00000000801345d8                filename11
                0x00000000801345e8                new_alloc_empty
                0x00000000801355e8                fat_buf
 COMMON         0x00000000801359f8     0x4150 kernel/fs/fat/dir.o
                0x00000000801359f8                dir_find
 COMMON         0x0000000080139b48      0x400 kernel/syscall/syscall.o
                0x0000000080139b48                syscalls
                0x0000000080139f48                . = ALIGN (0x4)
                0x0000000080139f48                . = ALIGN (0x4)
                0x0000000080139f48                _end = .
                0x0000000080139f48                PROVIDE (__end, .)
                0x0000000080139f48                PROVIDE (end, .)

.stab
 *(.stab)

.stabstr
 *(.stabstr)

.stab.excl
 *(.stab.excl)

.stab.exclstr
 *(.stab.exclstr)

.stab.index
 *(.stab.index)

.stab.indexstr
 *(.stab.indexstr)

.comment        0x0000000000000000       0x44
 *(.comment)
 .comment       0x0000000000000000       0x44 arch/mips32/exc.o
                                         0x45 (松开之前的大小)
 .comment       0x0000000000000044       0x45 arch/mips32/intr.o
 .comment       0x0000000000000044       0x45 arch/mips32/page.o
 .comment       0x0000000000000044       0x45 arch/mips32/arch.o
 .comment       0x0000000000000044       0x45 kernel/init.o
 .comment       0x0000000000000044       0x45 kernel/mm/bootmem.o
 .comment       0x0000000000000044       0x45 kernel/mm/slub.o
 .comment       0x0000000000000044       0x45 kernel/mm/buddy.o
 .comment       0x0000000000000044       0x45 kernel/lock/lock.o
 .comment       0x0000000000000044       0x45 kernel/task/shm.o
 .comment       0x0000000000000044       0x45 kernel/task/task.o
 .comment       0x0000000000000044       0x45 kernel/task/sche.o
 .comment       0x0000000000000044       0x45 kernel/fs/fscache/fscache.o
 .comment       0x0000000000000044       0x45 kernel/fs/fat/utils.o
 .comment       0x0000000000000044       0x45 kernel/fs/fat/usr.o
 .comment       0x0000000000000044       0x45 kernel/fs/fat/fat.o
 .comment       0x0000000000000044       0x45 kernel/fs/fat/debug.o
 .comment       0x0000000000000044       0x45 kernel/fs/fat/dir.o
 .comment       0x0000000000000044       0x45 kernel/driver/sd.o
 .comment       0x0000000000000044       0x45 kernel/driver/vga.o
 .comment       0x0000000000000044       0x45 kernel/driver/ps2.o
 .comment       0x0000000000000044       0x45 kernel/syscall/syscall4.o
 .comment       0x0000000000000044       0x45 kernel/syscall/syscall.o
 .comment       0x0000000000000044       0x45 kernel/time/time.o
 .comment       0x0000000000000044       0x45 utils/utils.o
 .comment       0x0000000000000044       0x45 utils/log.o
 .comment       0x0000000000000044       0x45 utils/assert.o

.gnu.attributes
                0x0000000000000000       0x10
 .gnu.attributes
                0x0000000000000000       0x10 arch/mips32/start.o
 .gnu.attributes
                0x0000000000000010       0x10 arch/mips32/exc.o
 .gnu.attributes
                0x0000000000000020       0x10 arch/mips32/intr.o
 .gnu.attributes
                0x0000000000000030       0x10 arch/mips32/page.o
 .gnu.attributes
                0x0000000000000040       0x10 arch/mips32/arch.o
 .gnu.attributes
                0x0000000000000050       0x10 kernel/init.o
 .gnu.attributes
                0x0000000000000060       0x10 kernel/mm/bootmem.o
 .gnu.attributes
                0x0000000000000070       0x10 kernel/mm/slub.o
 .gnu.attributes
                0x0000000000000080       0x10 kernel/mm/buddy.o
 .gnu.attributes
                0x0000000000000090       0x10 kernel/lock/lock.o
 .gnu.attributes
                0x00000000000000a0       0x10 kernel/task/shm.o
 .gnu.attributes
                0x00000000000000b0       0x10 kernel/task/task.o
 .gnu.attributes
                0x00000000000000c0       0x10 kernel/task/sche.o
 .gnu.attributes
                0x00000000000000d0       0x10 kernel/fs/fscache/fscache.o
 .gnu.attributes
                0x00000000000000e0       0x10 kernel/fs/fat/utils.o
 .gnu.attributes
                0x00000000000000f0       0x10 kernel/fs/fat/usr.o
 .gnu.attributes
                0x0000000000000100       0x10 kernel/fs/fat/fat.o
 .gnu.attributes
                0x0000000000000110       0x10 kernel/fs/fat/debug.o
 .gnu.attributes
                0x0000000000000120       0x10 kernel/fs/fat/dir.o
 .gnu.attributes
                0x0000000000000130       0x10 kernel/driver/sd.o
 .gnu.attributes
                0x0000000000000140       0x10 kernel/driver/vga.o
 .gnu.attributes
                0x0000000000000150       0x10 kernel/driver/ps2.o
 .gnu.attributes
                0x0000000000000160       0x10 kernel/syscall/syscall4.o
 .gnu.attributes
                0x0000000000000170       0x10 kernel/syscall/syscall.o
 .gnu.attributes
                0x0000000000000180       0x10 kernel/time/time.o
 .gnu.attributes
                0x0000000000000190       0x10 utils/utils.o
 .gnu.attributes
                0x00000000000001a0       0x10 utils/log.o
 .gnu.attributes
                0x00000000000001b0       0x10 utils/assert.o

.mdebug.abi32   0x0000000000000000        0x0
 .mdebug.abi32  0x0000000000000000        0x0 arch/mips32/exc.o
 .mdebug.abi32  0x0000000000000000        0x0 arch/mips32/intr.o
 .mdebug.abi32  0x0000000000000000        0x0 arch/mips32/page.o
 .mdebug.abi32  0x0000000000000000        0x0 arch/mips32/arch.o
 .mdebug.abi32  0x0000000000000000        0x0 kernel/init.o
 .mdebug.abi32  0x0000000000000000        0x0 kernel/mm/bootmem.o
 .mdebug.abi32  0x0000000000000000        0x0 kernel/mm/slub.o
 .mdebug.abi32  0x0000000000000000        0x0 kernel/mm/buddy.o
 .mdebug.abi32  0x0000000000000000        0x0 kernel/lock/lock.o
 .mdebug.abi32  0x0000000000000000        0x0 kernel/task/shm.o
 .mdebug.abi32  0x0000000000000000        0x0 kernel/task/task.o
 .mdebug.abi32  0x0000000000000000        0x0 kernel/task/sche.o
 .mdebug.abi32  0x0000000000000000        0x0 kernel/fs/fscache/fscache.o
 .mdebug.abi32  0x0000000000000000        0x0 kernel/fs/fat/utils.o
 .mdebug.abi32  0x0000000000000000        0x0 kernel/fs/fat/usr.o
 .mdebug.abi32  0x0000000000000000        0x0 kernel/fs/fat/fat.o
 .mdebug.abi32  0x0000000000000000        0x0 kernel/fs/fat/debug.o
 .mdebug.abi32  0x0000000000000000        0x0 kernel/fs/fat/dir.o
 .mdebug.abi32  0x0000000000000000        0x0 kernel/driver/sd.o
 .mdebug.abi32  0x0000000000000000        0x0 kernel/driver/vga.o
 .mdebug.abi32  0x0000000000000000        0x0 kernel/driver/ps2.o
 .mdebug.abi32  0x0000000000000000        0x0 kernel/syscall/syscall4.o
 .mdebug.abi32  0x0000000000000000        0x0 kernel/syscall/syscall.o
 .mdebug.abi32  0x0000000000000000        0x0 kernel/time/time.o
 .mdebug.abi32  0x0000000000000000        0x0 utils/utils.o
 .mdebug.abi32  0x0000000000000000        0x0 utils/log.o
 .mdebug.abi32  0x0000000000000000        0x0 utils/assert.o

.debug
 *(.debug)

.line
 *(.line)

.debug_srcinfo
 *(.debug_srcinfo)

.debug_sfnames
 *(.debug_sfnames)

.debug_aranges
 *(.debug_aranges)

.debug_pubnames
 *(.debug_pubnames)

.debug_info
 *(.debug_info)

.debug_abbrev
 *(.debug_abbrev)

.debug_line
 *(.debug_line)

.debug_frame
 *(.debug_frame)

.debug_str
 *(.debug_str)

.debug_loc
 *(.debug_loc)

.debug_macinfo
 *(.debug_macinfo)

.debug_weaknames
 *(.debug_weaknames)

.debug_funcnames
 *(.debug_funcnames)

.debug_typenames
 *(.debug_typenames)

.debug_varnames
 *(.debug_varnames)

/DISCARD/
 *(.reginfo)

.gptab.sdata
 *(.gptab.data)
 *(.gptab.sdata)

.gptab.sbss
 *(.gptab.bss)
 *(.gptab.sbss)

.pdr            0x0000000000000000     0x19e0
 *(.pdr)
 .pdr           0x0000000000000000        0x0 arch/mips32/start.o
 .pdr           0x0000000000000000       0xe0 arch/mips32/exc.o
 .pdr           0x00000000000000e0       0xa0 arch/mips32/intr.o
 .pdr           0x0000000000000180      0x120 arch/mips32/page.o
 .pdr           0x00000000000002a0       0x20 arch/mips32/arch.o
 .pdr           0x00000000000002c0       0x40 kernel/init.o
 .pdr           0x0000000000000300      0x160 kernel/mm/bootmem.o
 .pdr           0x0000000000000460      0x220 kernel/mm/slub.o
 .pdr           0x0000000000000680      0x160 kernel/mm/buddy.o
 .pdr           0x00000000000007e0       0x80 kernel/lock/lock.o
 .pdr           0x0000000000000860      0x100 kernel/task/shm.o
 .pdr           0x0000000000000960      0x2a0 kernel/task/task.o
 .pdr           0x0000000000000c00      0x1e0 kernel/task/sche.o
 .pdr           0x0000000000000de0      0x100 kernel/fs/fscache/fscache.o
 .pdr           0x0000000000000ee0      0x1e0 kernel/fs/fat/utils.o
 .pdr           0x00000000000010c0       0x80 kernel/fs/fat/usr.o
 .pdr           0x0000000000001140      0x2a0 kernel/fs/fat/fat.o
 .pdr           0x00000000000013e0        0x0 kernel/fs/fat/debug.o
 .pdr           0x00000000000013e0       0x40 kernel/fs/fat/dir.o
 .pdr           0x0000000000001420       0xa0 kernel/driver/sd.o
 .pdr           0x00000000000014c0      0x160 kernel/driver/vga.o
 .pdr           0x0000000000001620       0xe0 kernel/driver/ps2.o
 .pdr           0x0000000000001700       0x20 kernel/syscall/syscall4.o
 .pdr           0x0000000000001720       0x60 kernel/syscall/syscall.o
 .pdr           0x0000000000001780       0x60 kernel/time/time.o
 .pdr           0x00000000000017e0      0x140 utils/utils.o
 .pdr           0x0000000000001920       0xa0 utils/log.o
 .pdr           0x00000000000019c0       0x20 utils/assert.o
LOAD arch/mips32/start.o
LOAD arch/mips32/exc.o
LOAD arch/mips32/intr.o
LOAD arch/mips32/page.o
LOAD arch/mips32/arch.o
LOAD kernel/init.o
LOAD kernel/mm/bootmem.o
LOAD kernel/mm/slub.o
LOAD kernel/mm/buddy.o
LOAD kernel/lock/lock.o
LOAD kernel/task/shm.o
LOAD kernel/task/task.o
LOAD kernel/task/sche.o
LOAD kernel/fs/fscache/fscache.o
LOAD kernel/fs/fat/utils.o
LOAD kernel/fs/fat/usr.o
LOAD kernel/fs/fat/fat.o
LOAD kernel/fs/fat/debug.o
LOAD kernel/fs/fat/dir.o
LOAD kernel/driver/sd.o
LOAD kernel/driver/vga.o
LOAD kernel/driver/ps2.o
LOAD kernel/syscall/syscall4.o
LOAD kernel/syscall/syscall.o
LOAD kernel/time/time.o
LOAD utils/utils.o
LOAD utils/log.o
LOAD utils/assert.o
OUTPUT(kernel.elf elf32-tradlittlemips)
